py.exe : test_actual_cost_over_budget_fails_closed_before_download (tests.skills.video_generation.test_kie_adapter.KieA
dapterTests.test_actual_cost_over_budget_fails_closed_before_download) ... ok
At line:2 char:1160
+ ... g = Join-Path $logDir $entry[0]; & py -3.14 @($entry[1]) *>&1 | Out-F ...
+                                      ~~~~~~~~~~~~~~~~~~~~~~~~~~~~
    + CategoryInfo          : NotSpecified: (test_actual_cos...ownload) ... ok:String) [], RemoteException
    + FullyQualifiedErrorId : NativeCommandError
 
test_credential_resolver_reads_only_named_environment_entry (tests.skills.video_generation.test_kie_adapter.KieAdapterT
ests.test_credential_resolver_reads_only_named_environment_entry) ... ok
test_default_http_transport_disables_api_redirects 
(tests.skills.video_generation.test_kie_adapter.KieAdapterTests.test_default_http_transport_disables_api_redirects) 
... ok
test_poll_records_cost_and_download_returns_opaque_manifest_uri (tests.skills.video_generation.test_kie_adapter.KieAdap
terTests.test_poll_records_cost_and_download_returns_opaque_manifest_uri) ... ok
test_polling_anomaly_is_terminal_after_one_get_attempt (tests.skills.video_generation.test_kie_adapter.KieAdapterTests.
test_polling_anomaly_is_terminal_after_one_get_attempt) ... ok
test_production_guardrails_reject_before_http 
(tests.skills.video_generation.test_kie_adapter.KieAdapterTests.test_production_guardrails_reject_before_http) ... ok
test_provider_failure_and_sensitive_messages_are_suppressed (tests.skills.video_generation.test_kie_adapter.KieAdapterT
ests.test_provider_failure_and_sensitive_messages_are_suppressed) ... ok
test_reference_uploader_rejects_tampering_and_oversize_before_http (tests.skills.video_generation.test_kie_adapter.KieA
dapterTests.test_reference_uploader_rejects_tampering_and_oversize_before_http) ... ok
test_reference_uploader_verifies_local_digest_and_returns_safe_https_url (tests.skills.video_generation.test_kie_adapte
r.KieAdapterTests.test_reference_uploader_verifies_local_digest_and_returns_safe_https_url) ... ok
test_smoke_request_is_fixed_to_revision_a_envelope 
(tests.skills.video_generation.test_kie_adapter.KieAdapterTests.test_smoke_request_is_fixed_to_revision_a_envelope) 
... ok
test_submit_builds_single_low_cost_multireference_task (tests.skills.video_generation.test_kie_adapter.KieAdapterTests.
test_submit_builds_single_low_cost_multireference_task) ... ok
test_uncertain_submit_failure_is_not_retried 
(tests.skills.video_generation.test_kie_adapter.KieAdapterTests.test_uncertain_submit_failure_is_not_retried) ... ok

----------------------------------------------------------------------
Ran 12 tests in 0.027s

OK
