py.exe : test_adoption_manifest_has_no_unapproved_adoptions 
(architecture.test_clean_room_boundaries.CleanRoomBoundaryTests.test_adoption_manifest_has_no_unapproved_adoptions) 
... ok
At line:2 char:1160
+ ... g = Join-Path $logDir $entry[0]; & py -3.14 @($entry[1]) *>&1 | Out-F ...
+                                      ~~~~~~~~~~~~~~~~~~~~~~~~~~~~
    + CategoryInfo          : NotSpecified: (test_adoption_m...options) ... ok:String) [], RemoteException
    + FullyQualifiedErrorId : NativeCommandError
 
test_authorized_clean_skeleton_directories_exist 
(architecture.test_clean_room_boundaries.CleanRoomBoundaryTests.test_authorized_clean_skeleton_directories_exist) ... 
ok
test_business_namespaces_are_ft1_skill_packages 
(architecture.test_clean_room_boundaries.CleanRoomBoundaryTests.test_business_namespaces_are_ft1_skill_packages) ... ok
test_foundation_registry_excludes_business_artifact_ids (architecture.test_clean_room_boundaries.CleanRoomBoundaryTests
.test_foundation_registry_excludes_business_artifact_ids) ... ok
test_repository_secret_scan_is_clean 
(architecture.test_clean_room_boundaries.CleanRoomBoundaryTests.test_repository_secret_scan_is_clean) ... ok
test_runtime_source_contains_no_legacy_project_name_or_provider_sdk_import (architecture.test_clean_room_boundaries.Cle
anRoomBoundaryTests.test_runtime_source_contains_no_legacy_project_name_or_provider_sdk_import) ... ok
test_changed_path_guard_enforces_exclusive_owners 
(architecture.test_merge_guards.MergeGuardTests.test_changed_path_guard_enforces_exclusive_owners) ... ok
test_runtime_scan_allows_ft1_skill_implementation_layout 
(architecture.test_merge_guards.MergeGuardTests.test_runtime_scan_allows_ft1_skill_implementation_layout) ... ok
test_runtime_scan_allows_library_rejection_guard_with_unrelated_writer (architecture.test_merge_guards.MergeGuardTests.
test_runtime_scan_allows_library_rejection_guard_with_unrelated_writer) ... ok
test_runtime_scan_allows_only_canonical_cross_skill_public_seams 
(architecture.test_merge_guards.MergeGuardTests.test_runtime_scan_allows_only_canonical_cross_skill_public_seams) ... 
ok
test_runtime_scan_blocks_aliased_os_library_writer 
(architecture.test_merge_guards.MergeGuardTests.test_runtime_scan_blocks_aliased_os_library_writer) ... ok
test_runtime_scan_blocks_chained_lambda_and_os_library_writers 
(architecture.test_merge_guards.MergeGuardTests.test_runtime_scan_blocks_chained_lambda_and_os_library_writers) ... ok
test_runtime_scan_blocks_cross_skill_private_import_and_library_writer (architecture.test_merge_guards.MergeGuardTests.
test_runtime_scan_blocks_cross_skill_private_import_and_library_writer) ... ok
test_runtime_scan_blocks_from_import_aliased_library_writers 
(architecture.test_merge_guards.MergeGuardTests.test_runtime_scan_blocks_from_import_aliased_library_writers) ... ok
test_runtime_scan_blocks_function_literal_library_writer 
(architecture.test_merge_guards.MergeGuardTests.test_runtime_scan_blocks_function_literal_library_writer) ... ok
test_runtime_scan_blocks_instance_attribute_library_writer 
(architecture.test_merge_guards.MergeGuardTests.test_runtime_scan_blocks_instance_attribute_library_writer) ... ok
test_runtime_scan_blocks_invoked_writer_lambda 
(architecture.test_merge_guards.MergeGuardTests.test_runtime_scan_blocks_invoked_writer_lambda) ... ok
test_runtime_scan_blocks_library_path_passed_to_local_writer_helper 
(architecture.test_merge_guards.MergeGuardTests.test_runtime_scan_blocks_library_path_passed_to_local_writer_helper) 
... ok
test_runtime_scan_blocks_module_constant_library_writer 
(architecture.test_merge_guards.MergeGuardTests.test_runtime_scan_blocks_module_constant_library_writer) ... ok
test_runtime_scan_blocks_private_import_through_relative_skills_package (architecture.test_merge_guards.MergeGuardTests
.test_runtime_scan_blocks_private_import_through_relative_skills_package) ... ok
test_runtime_scan_blocks_private_module_imported_through_skill_root 
(architecture.test_merge_guards.MergeGuardTests.test_runtime_scan_blocks_private_module_imported_through_skill_root) 
... ok
test_runtime_scan_blocks_two_hop_local_writer_helper 
(architecture.test_merge_guards.MergeGuardTests.test_runtime_scan_blocks_two_hop_local_writer_helper) ... ok
test_runtime_scan_models_callable_defaults_and_parameter_shadowing 
(architecture.test_merge_guards.MergeGuardTests.test_runtime_scan_models_callable_defaults_and_parameter_shadowing) 
... ok
test_runtime_scan_respects_function_local_shadowing 
(architecture.test_merge_guards.MergeGuardTests.test_runtime_scan_respects_function_local_shadowing) ... ok
test_dependency_lock_matches_dependency_free_project 
(architecture.test_release_bundle.ReleaseBundleTests.test_dependency_lock_matches_dependency_free_project) ... ok
test_release_bundle_is_deterministic_and_contains_rollback_evidence (architecture.test_release_bundle.ReleaseBundleTest
s.test_release_bundle_is_deterministic_and_contains_rollback_evidence) ... ok
test_release_bundle_rejects_unbound_or_failed_evidence 
(architecture.test_release_bundle.ReleaseBundleTests.test_release_bundle_rejects_unbound_or_failed_evidence) ... ok
test_offline_wheel_build_is_reproducible 
(architecture.test_release_reproducibility.ReleaseReproducibilityTests.test_offline_wheel_build_is_reproducible) ... ok
test_business_versions_use_foundation_compatibility_rules (contracts.test_business_registry.BusinessArtifactRegistryTes
ts.test_business_versions_use_foundation_compatibility_rules) ... ok
test_fast_track_artifacts_are_separate_from_foundation_one_plus_eleven (contracts.test_business_registry.BusinessArtifa
ctRegistryTests.test_fast_track_artifacts_are_separate_from_foundation_one_plus_eleven) ... ok
test_registry_rejects_duplicate_or_foundation_identities (contracts.test_business_registry.BusinessArtifactRegistryTest
s.test_registry_rejects_duplicate_or_foundation_identities) ... ok
test_build_envelope_uses_registered_contract_and_payload_hash (contracts.test_foundation_primitives.FoundationPrimitive
Tests.test_build_envelope_uses_registered_contract_and_payload_hash) ... ok
test_canonical_json_and_digest_are_reproducible 
(contracts.test_foundation_primitives.FoundationPrimitiveTests.test_canonical_json_and_digest_are_reproducible) ... ok
test_envelope_accepts_supported_additive_minor_and_preserves_unknown_fields (contracts.test_foundation_primitives.Found
ationPrimitiveTests.test_envelope_accepts_supported_additive_minor_and_preserves_unknown_fields) ... ok
test_envelope_and_typed_payload_are_deeply_immutable 
(contracts.test_foundation_primitives.FoundationPrimitiveTests.test_envelope_and_typed_payload_are_deeply_immutable) 
... ok
test_envelope_maps_malformed_schema_version_to_stable_contract_error (contracts.test_foundation_primitives.FoundationPr
imitiveTests.test_envelope_maps_malformed_schema_version_to_stable_contract_error) ... ok
test_envelope_rejects_empty_identity_fields_and_malformed_source_hash (contracts.test_foundation_primitives.FoundationP
rimitiveTests.test_envelope_rejects_empty_identity_fields_and_malformed_source_hash) ... ok
test_envelope_rejects_unknown_major_even_when_reader_matches_it (contracts.test_foundation_primitives.FoundationPrimiti
veTests.test_envelope_rejects_unknown_major_even_when_reader_matches_it) ... ok
test_envelope_source_metadata_is_snapshotted 
(contracts.test_foundation_primitives.FoundationPrimitiveTests.test_envelope_source_metadata_is_snapshotted) ... ok
test_semver_compatibility_follows_reader_writer_matrix 
(contracts.test_foundation_primitives.FoundationPrimitiveTests.test_semver_compatibility_follows_reader_writer_matrix) 
... ok
test_semver_parser_enforces_numeric_identifier_rules 
(contracts.test_foundation_primitives.FoundationPrimitiveTests.test_semver_parser_enforces_numeric_identifier_rules) 
... ok
test_typed_payload_canonical_json_and_digest_are_reproducible (contracts.test_foundation_primitives.FoundationPrimitive
Tests.test_typed_payload_canonical_json_and_digest_are_reproducible) ... ok
test_uuid7_has_version_and_variant_bits 
(contracts.test_foundation_primitives.FoundationPrimitiveTests.test_uuid7_has_version_and_variant_bits) ... ok
test_each_contract_has_five_synthetic_fixture_classes 
(contracts.test_generated_artifacts.GeneratedArtifactTests.test_each_contract_has_five_synthetic_fixture_classes) ... 
ok
test_envelope_schema_accepts_versioned_payload_semver 
(contracts.test_generated_artifacts.GeneratedArtifactTests.test_envelope_schema_accepts_versioned_payload_semver) ... 
ok
test_payload_schemas_are_mechanical_registry_projections 
(contracts.test_generated_artifacts.GeneratedArtifactTests.test_payload_schemas_are_mechanical_registry_projections) 
... ok
test_regeneration_has_no_checked_in_drift 
(contracts.test_generated_artifacts.GeneratedArtifactTests.test_regeneration_has_no_checked_in_drift) ... ok
test_schema_identity_set_is_exactly_foundation_registry 
(contracts.test_generated_artifacts.GeneratedArtifactTests.test_schema_identity_set_is_exactly_foundation_registry) 
... ok
test_first_record_and_exact_replay_are_distinct_outcomes 
(contracts.test_idempotency.IdempotencyTests.test_first_record_and_exact_replay_are_distinct_outcomes) ... ok
test_invalid_idempotency_identity_is_rejected 
(contracts.test_idempotency.IdempotencyTests.test_invalid_idempotency_identity_is_rejected) ... ok
test_recorded_outcome_is_an_immutable_snapshot 
(contracts.test_idempotency.IdempotencyTests.test_recorded_outcome_is_an_immutable_snapshot) ... ok
test_same_key_with_different_digest_is_rejected_without_overwrite 
(contracts.test_idempotency.IdempotencyTests.test_same_key_with_different_digest_is_rejected_without_overwrite) ... ok
test_duplicate_object_keys_are_rejected_at_any_depth 
(contracts.test_json_input.JsonInputTests.test_duplicate_object_keys_are_rejected_at_any_depth) ... ok
test_input_size_limit_is_measured_in_utf8_bytes 
(contracts.test_json_input.JsonInputTests.test_input_size_limit_is_measured_in_utf8_bytes) ... ok
test_invalid_utf8_non_finite_numbers_and_non_object_roots_are_rejected 
(contracts.test_json_input.JsonInputTests.test_invalid_utf8_non_finite_numbers_and_non_object_roots_are_rejected) ... 
ok
test_valid_document_returns_a_mapping (contracts.test_json_input.JsonInputTests.test_valid_document_returns_a_mapping) 
... ok
test_registry_is_exactly_one_envelope_and_eleven_payloads 
(contracts.test_registry.FoundationRegistryTests.test_registry_is_exactly_one_envelope_and_eleven_payloads) ... ok
test_asset_and_reference_manifests_validate_nested_entries (contracts.test_validation_and_permissions.ValidationAndPerm
issionTests.test_asset_and_reference_manifests_validate_nested_entries) ... ok
test_missing_required_field_uses_stable_error_model (contracts.test_validation_and_permissions.ValidationAndPermissionT
ests.test_missing_required_field_uses_stable_error_model) ... ok
test_model_registry_is_mechanically_aligned_with_identity_registry (contracts.test_validation_and_permissions.Validatio
nAndPermissionTests.test_model_registry_is_mechanically_aligned_with_identity_registry) ... ok
test_only_product_knowledge_can_publish_product_asset_manifest (contracts.test_validation_and_permissions.ValidationAnd
PermissionTests.test_only_product_knowledge_can_publish_product_asset_manifest) ... ok
test_product_context_rejects_non_product_knowledge_publisher (contracts.test_validation_and_permissions.ValidationAndPe
rmissionTests.test_product_context_rejects_non_product_knowledge_publisher) ... ok
test_product_context_rejects_pending_content_hidden_in_unknown_field (contracts.test_validation_and_permissions.Validat
ionAndPermissionTests.test_product_context_rejects_pending_content_hidden_in_unknown_field) ... ok
test_product_context_rejects_pending_or_unconfirmed_content (contracts.test_validation_and_permissions.ValidationAndPer
missionTests.test_product_context_rejects_pending_or_unconfirmed_content) ... ok
test_product_context_requires_fact_provenance 
(contracts.test_validation_and_permissions.ValidationAndPermissionTests.test_product_context_requires_fact_provenance) 
... ok
test_product_knowledge_cannot_reemit_feedback_event (contracts.test_validation_and_permissions.ValidationAndPermissionT
ests.test_product_knowledge_cannot_reemit_feedback_event) ... ok
test_product_review_context_validates_nested_review_items (contracts.test_validation_and_permissions.ValidationAndPermi
ssionTests.test_product_review_context_validates_nested_review_items) ... ok
test_qa_review_cannot_publish_approval_record 
(contracts.test_validation_and_permissions.ValidationAndPermissionTests.test_qa_review_cannot_publish_approval_record) 
... ok
test_registered_skill_runtime_is_authorized_by_actual_skill_id (contracts.test_validation_and_permissions.ValidationAnd
PermissionTests.test_registered_skill_runtime_is_authorized_by_actual_skill_id) ... ok
test_rule_effective_period_requires_ordered_utc_timestamps (contracts.test_validation_and_permissions.ValidationAndPerm
issionTests.test_rule_effective_period_requires_ordered_utc_timestamps) ... ok
test_rule_scope_is_exactly_one_of_six_and_provider_is_disambiguated (contracts.test_validation_and_permissions.Validati
onAndPermissionTests.test_rule_scope_is_exactly_one_of_six_and_provider_is_disambiguated) ... ok
test_rule_scope_rejects_extra_owner_keys_and_provider_model_binding (contracts.test_validation_and_permissions.Validati
onAndPermissionTests.test_rule_scope_rejects_extra_owner_keys_and_provider_model_binding) ... ok
test_task_spec_rejects_unregistered_public_skill_id (contracts.test_validation_and_permissions.ValidationAndPermissionT
ests.test_task_spec_rejects_unregistered_public_skill_id) ... ok
test_valid_component_name_cannot_be_spoofed_by_wrong_agent (contracts.test_validation_and_permissions.ValidationAndPerm
issionTests.test_valid_component_name_cannot_be_spoofed_by_wrong_agent) ... ok
test_valid_envelope_returns_typed_payload_model (contracts.test_validation_and_permissions.ValidationAndPermissionTests
.test_valid_envelope_returns_typed_payload_model) ... ok
test_locked_evaluation_fixture_meets_false_positive_negative_thresholds (golden.test_qa_golden_scenarios.QAGoldenScenar
ioTests.test_locked_evaluation_fixture_meets_false_positive_negative_thresholds) ... ok
test_standalone_optional_partial_stale_cancellation_and_recovery (golden.test_qa_golden_scenarios.QAGoldenScenarioTests
.test_standalone_optional_partial_stale_cancellation_and_recovery) ... ok
test_all_eight_public_interfaces_receive_independent_verdicts (integration.test_skill_rc_acceptance.SkillRCAcceptanceTe
sts.test_all_eight_public_interfaces_receive_independent_verdicts) ... ok
test_composition_pass_cannot_promote_a_failing_skill 
(integration.test_skill_rc_acceptance.SkillRCAcceptanceTests.test_composition_pass_cannot_promote_a_failing_skill) ... 
ok
test_audit_ledger_appends_immutable_structured_events 
(security.test_core_controls.CoreControlTests.test_audit_ledger_appends_immutable_structured_events) ... ok
test_budget_ledger_fails_closed_without_mutating_totals 
(security.test_core_controls.CoreControlTests.test_budget_ledger_fails_closed_without_mutating_totals) ... ok
test_operation_ledger_rejects_transition_after_terminal_state 
(security.test_core_controls.CoreControlTests.test_operation_ledger_rejects_transition_after_terminal_state) ... ok
test_legacy_path_guard_blocks_all_six_sources_by_root 
(security.test_offline_guards.OfflineGuardTests.test_legacy_path_guard_blocks_all_six_sources_by_root) ... ok
test_network_guard_blocks_existing_socket_send_paths 
(security.test_offline_guards.OfflineGuardTests.test_network_guard_blocks_existing_socket_send_paths) ... ok
test_network_guard_blocks_socket_connections 
(security.test_offline_guards.OfflineGuardTests.test_network_guard_blocks_socket_connections) ... ok
test_network_guard_blocks_subprocess_escape 
(security.test_offline_guards.OfflineGuardTests.test_network_guard_blocks_subprocess_escape) ... ok
test_public_error_details_are_deeply_snapshotted_and_redacted 
(security.test_offline_guards.OfflineGuardTests.test_public_error_details_are_deeply_snapshotted_and_redacted) ... ok
test_rejecting_provider_fails_closed_without_network 
(security.test_offline_guards.OfflineGuardTests.test_rejecting_provider_fails_closed_without_network) ... ok
test_secret_scanner_detects_synthetic_token_without_logging_it 
(security.test_offline_guards.OfflineGuardTests.test_secret_scanner_detects_synthetic_token_without_logging_it) ... ok
test_concurrency_limit_rejects_second_distinct_request (skills.product_image_panel_generation.test_image_panel_adapters
.ImagePanelAdapterTests.test_concurrency_limit_rejects_second_distinct_request) ... ok
test_exact_idempotent_replay_does_not_repeat_provider_side_effect (skills.product_image_panel_generation.test_image_pan
el_adapters.ImagePanelAdapterTests.test_exact_idempotent_replay_does_not_repeat_provider_side_effect) ... ok
test_fake_adapter_success_emits_auditable_foundation_outputs (skills.product_image_panel_generation.test_image_panel_ad
apters.ImagePanelAdapterTests.test_fake_adapter_success_emits_auditable_foundation_outputs) ... ok
test_idempotency_key_reuse_with_changed_request_fails (skills.product_image_panel_generation.test_image_panel_adapters.
ImagePanelAdapterTests.test_idempotency_key_reuse_with_changed_request_fails) ... ok
test_mixed_item_outcomes_are_reported_as_partial_failure (skills.product_image_panel_generation.test_image_panel_adapte
rs.ImagePanelAdapterTests.test_mixed_item_outcomes_are_reported_as_partial_failure) ... ok
test_non_retryable_failure_is_not_retried (skills.product_image_panel_generation.test_image_panel_adapters.ImagePanelAd
apterTests.test_non_retryable_failure_is_not_retried) ... ok
test_pre_cancelled_request_never_reaches_provider (skills.product_image_panel_generation.test_image_panel_adapters.Imag
ePanelAdapterTests.test_pre_cancelled_request_never_reaches_provider) ... ok
test_product_image_command_is_independently_callable (skills.product_image_panel_generation.test_image_panel_adapters.I
magePanelAdapterTests.test_product_image_command_is_independently_callable) ... ok
test_prompt_compilation_is_deterministic_and_product_bound (skills.product_image_panel_generation.test_image_panel_adap
ters.ImagePanelAdapterTests.test_prompt_compilation_is_deterministic_and_product_bound) ... ok
test_retryable_failure_retries_with_injected_backoff_then_succeeds (skills.product_image_panel_generation.test_image_pa
nel_adapters.ImagePanelAdapterTests.test_retryable_failure_retries_with_injected_backoff_then_succeeds) ... ok
test_timeout_is_terminal_and_redacted (skills.product_image_panel_generation.test_image_panel_adapters.ImagePanelAdapte
rTests.test_timeout_is_terminal_and_redacted) ... ok
test_approved_request_binds_full_model_profile_configuration (skills.product_image_panel_generation.test_image_panel_in
terface.ImagePanelInterfaceTests.test_approved_request_binds_full_model_profile_configuration) ... ok
test_budget_below_worst_case_retry_cost_fails_closed (skills.product_image_panel_generation.test_image_panel_interface.
ImagePanelInterfaceTests.test_budget_below_worst_case_retry_cost_fails_closed) ... ok
test_cli_defaults_to_rejecting_adapter (skills.product_image_panel_generation.test_image_panel_interface.ImagePanelInte
rfaceTests.test_cli_defaults_to_rejecting_adapter) ... ok
test_cli_exact_replay_uses_task_workspace_ledger_across_invocations (skills.product_image_panel_generation.test_image_p
anel_interface.ImagePanelInterfaceTests.test_cli_exact_replay_uses_task_workspace_ledger_across_invocations) ... ok
test_cli_fake_panel_generation_is_explicit_and_offline (skills.product_image_panel_generation.test_image_panel_interfac
e.ImagePanelInterfaceTests.test_cli_fake_panel_generation_is_explicit_and_offline) ... ok
test_cli_inspect_returns_machine_readable_preflight (skills.product_image_panel_generation.test_image_panel_interface.I
magePanelInterfaceTests.test_cli_inspect_returns_machine_readable_preflight) ... ok
test_cli_ledger_rejects_same_key_with_different_request_hash (skills.product_image_panel_generation.test_image_panel_in
terface.ImagePanelInterfaceTests.test_cli_ledger_rejects_same_key_with_different_request_hash) ... ok
test_cli_malformed_input_uses_stable_sanitized_error_and_exit_two (skills.product_image_panel_generation.test_image_pan
el_interface.ImagePanelInterfaceTests.test_cli_malformed_input_uses_stable_sanitized_error_and_exit_two) ... ok
test_expired_approval_fails_closed (skills.product_image_panel_generation.test_image_panel_interface.ImagePanelInterfac
eTests.test_expired_approval_fails_closed) ... ok
test_ineffective_approval_fails_closed (skills.product_image_panel_generation.test_image_panel_interface.ImagePanelInte
rfaceTests.test_ineffective_approval_fails_closed) ... ok
test_inspect_accepts_approved_contract_bound_request (skills.product_image_panel_generation.test_image_panel_interface.
ImagePanelInterfaceTests.test_inspect_accepts_approved_contract_bound_request) ... ok
test_invalid_dimensions_fail_closed (skills.product_image_panel_generation.test_image_panel_interface.ImagePanelInterfa
ceTests.test_invalid_dimensions_fail_closed) ... ok
test_missing_approved_input_asset_fails_closed (skills.product_image_panel_generation.test_image_panel_interface.ImageP
anelInterfaceTests.test_missing_approved_input_asset_fails_closed) ... ok
test_missing_budget_fails_closed (skills.product_image_panel_generation.test_image_panel_interface.ImagePanelInterfaceT
ests.test_missing_budget_fails_closed) ... ok
test_non_positive_model_cost_and_dimension_multiple_fail_closed (skills.product_image_panel_generation.test_image_panel
_interface.ImagePanelInterfaceTests.test_non_positive_model_cost_and_dimension_multiple_fail_closed) ... ok
test_product_identity_mismatch_fails_closed (skills.product_image_panel_generation.test_image_panel_interface.ImagePane
lInterfaceTests.test_product_identity_mismatch_fails_closed) ... ok
test_request_hash_is_stable_and_excludes_approval_record (skills.product_image_panel_generation.test_image_panel_interf
ace.ImagePanelInterfaceTests.test_request_hash_is_stable_and_excludes_approval_record) ... ok
test_request_hash_mismatch_fails_closed (skills.product_image_panel_generation.test_image_panel_interface.ImagePanelInt
erfaceTests.test_request_hash_mismatch_fails_closed) ... ok
test_stale_task_context_fails_closed (skills.product_image_panel_generation.test_image_panel_interface.ImagePanelInterf
aceTests.test_stale_task_context_fails_closed) ... ok
test_two_hundred_preflights_complete_within_one_second (skills.product_image_panel_generation.test_image_panel_interfac
e.ImagePanelInterfaceTests.test_two_hundred_preflights_complete_within_one_second) ... ok
test_wrong_active_skill_fails_closed (skills.product_image_panel_generation.test_image_panel_interface.ImagePanelInterf
aceTests.test_wrong_active_skill_fails_closed) ... ok
test_asset_manifest_owner_must_match_product_or_task (skills.product_image_panel_generation.test_image_panel_safety.Ima
gePanelSafetyTests.test_asset_manifest_owner_must_match_product_or_task) ... ok
test_blocking_adapter_is_cut_off_by_real_timeout_deadline (skills.product_image_panel_generation.test_image_panel_safet
y.ImagePanelSafetyTests.test_blocking_adapter_is_cut_off_by_real_timeout_deadline) ... ok
test_direct_adapter_call_outside_service_is_blocked (skills.product_image_panel_generation.test_image_panel_safety.Imag
ePanelSafetyTests.test_direct_adapter_call_outside_service_is_blocked) ... ok
test_foundation_registry_remains_exactly_eleven_payload_ids (skills.product_image_panel_generation.test_image_panel_saf
ety.ImagePanelSafetyTests.test_foundation_registry_remains_exactly_eleven_payload_ids) ... ok
test_mid_attempt_cancellation_is_recorded_without_retry (skills.product_image_panel_generation.test_image_panel_safety.
ImagePanelSafetyTests.test_mid_attempt_cancellation_is_recorded_without_retry) ... ok
test_missing_approval_never_reaches_adapter (skills.product_image_panel_generation.test_image_panel_safety.ImagePanelSa
fetyTests.test_missing_approval_never_reaches_adapter) ... ok
test_missing_budget_never_reaches_adapter (skills.product_image_panel_generation.test_image_panel_safety.ImagePanelSafe
tyTests.test_missing_budget_never_reaches_adapter) ... ok
test_missing_product_context_never_reaches_adapter (skills.product_image_panel_generation.test_image_panel_safety.Image
PanelSafetyTests.test_missing_product_context_never_reaches_adapter) ... ok
test_provider_error_message_is_replaced_before_public_output (skills.product_image_panel_generation.test_image_panel_sa
fety.ImagePanelSafetyTests.test_provider_error_message_is_replaced_before_public_output) ... ok
test_provider_permit_minter_is_not_exposed_at_module_scope (skills.product_image_panel_generation.test_image_panel_safe
ty.ImagePanelSafetyTests.test_provider_permit_minter_is_not_exposed_at_module_scope) ... ok
test_reference_without_rights_assertion_fails_closed (skills.product_image_panel_generation.test_image_panel_safety.Ima
gePanelSafetyTests.test_reference_without_rights_assertion_fails_closed) ... ok
test_rejecting_adapter_fails_without_network_or_provider_payload (skills.product_image_panel_generation.test_image_pane
l_safety.ImagePanelSafetyTests.test_rejecting_adapter_fails_without_network_or_provider_payload) ... ok
test_request_concurrency_budget_cannot_exceed_service_limit (skills.product_image_panel_generation.test_image_panel_saf
ety.ImagePanelSafetyTests.test_request_concurrency_budget_cannot_exceed_service_limit) ... ok
test_skill_source_has_no_provider_sdk_or_cross_skill_private_import (skills.product_image_panel_generation.test_image_p
anel_safety.ImagePanelSafetyTests.test_skill_source_has_no_provider_sdk_or_cross_skill_private_import) ... ok
test_stale_input_never_reaches_adapter (skills.product_image_panel_generation.test_image_panel_safety.ImagePanelSafetyT
ests.test_stale_input_never_reaches_adapter) ... ok
test_unexpected_adapter_exception_is_sanitized_into_failed_outcome (skills.product_image_panel_generation.test_image_pa
nel_safety.ImagePanelSafetyTests.test_unexpected_adapter_exception_is_sanitized_into_failed_outcome) ... ok
test_unrelated_contract_correlation_fails_closed (skills.product_image_panel_generation.test_image_panel_safety.ImagePa
nelSafetyTests.test_unrelated_contract_correlation_fails_closed) ... ok
test_wrong_public_command_is_rejected_before_adapter (skills.product_image_panel_generation.test_image_panel_safety.Ima
gePanelSafetyTests.test_wrong_public_command_is_rejected_before_adapter) ... ok
test_feedback_id_is_immutable_across_distinct_commands (skills.product_knowledge.test_product_knowledge_failures.Produc
tKnowledgeFailureTests.test_feedback_id_is_immutable_across_distinct_commands) ... ok
test_high_confidence_duplicate_product_creation_is_blocked_for_review (skills.product_knowledge.test_product_knowledge_
failures.ProductKnowledgeFailureTests.test_high_confidence_duplicate_product_creation_is_blocked_for_review) ... ok
test_identification_requires_evidence_and_matching_rejects_empty_or_unknown_clues (skills.product_knowledge.test_produc
t_knowledge_failures.ProductKnowledgeFailureTests.test_identification_requires_evidence_and_matching_rejects_empty_or_u
nknown_clues) ... ok
test_invalid_provenance_missing_product_and_stale_aggregate_use_stable_errors (skills.product_knowledge.test_product_kn
owledge_failures.ProductKnowledgeFailureTests.test_invalid_provenance_missing_product_and_stale_aggregate_use_stable_er
rors) ... ok
test_non_owner_write_is_rejected_and_error_details_are_redacted (skills.product_knowledge.test_product_knowledge_failur
es.ProductKnowledgeFailureTests.test_non_owner_write_is_rejected_and_error_details_are_redacted) ... ok
test_noncanonical_rule_scope_and_provider_binding_are_rejected_before_write (skills.product_knowledge.test_product_know
ledge_failures.ProductKnowledgeFailureTests.test_noncanonical_rule_scope_and_provider_binding_are_rejected_before_write
) ... ok
test_product_knowledge_cannot_emit_feedback_and_qa_cannot_approve_promotion (skills.product_knowledge.test_product_know
ledge_failures.ProductKnowledgeFailureTests.test_product_knowledge_cannot_emit_feedback_and_qa_cannot_approve_promotion
) ... ok
test_restore_rejects_tampered_snapshot_and_path_escape (skills.product_knowledge.test_product_knowledge_failures.Produc
tKnowledgeFailureTests.test_restore_rejects_tampered_snapshot_and_path_escape) ... ok
test_asset_organization_publishes_only_approved_assets (skills.product_knowledge.test_product_knowledge_interface.Produ
ctKnowledgeInterfaceTests.test_asset_organization_publishes_only_approved_assets) ... ok
test_cli_emits_machine_result_execution_event_and_stable_validation_exit (skills.product_knowledge.test_product_knowled
ge_interface.ProductKnowledgeInterfaceTests.test_cli_emits_machine_result_execution_event_and_stable_validation_exit) 
... ok
test_confirmed_context_excludes_pending_conflicted_and_inferred_facts (skills.product_knowledge.test_product_knowledge_
interface.ProductKnowledgeInterfaceTests.test_confirmed_context_excludes_pending_conflicted_and_inferred_facts) ... ok
test_conflict_resolution_preserves_history_and_requires_separate_approval (skills.product_knowledge.test_product_knowle
dge_interface.ProductKnowledgeInterfaceTests.test_conflict_resolution_preserves_history_and_requires_separate_approval)
 ... ok
test_feedback_intake_mechanically_accepts_exactly_six_rule_scopes (skills.product_knowledge.test_product_knowledge_inte
rface.ProductKnowledgeInterfaceTests.test_feedback_intake_mechanically_accepts_exactly_six_rule_scopes) ... ok
test_feedback_is_immutable_deduplicated_and_promoted_only_with_approval (skills.product_knowledge.test_product_knowledg
e_interface.ProductKnowledgeInterfaceTests.test_feedback_is_immutable_deduplicated_and_promoted_only_with_approval) 
... ok
test_identify_match_and_multi_sku_ambiguity (skills.product_knowledge.test_product_knowledge_interface.ProductKnowledge
InterfaceTests.test_identify_match_and_multi_sku_ambiguity) ... ok
test_concurrent_filesystem_updates_allow_one_writer_and_reject_stale_version (skills.product_knowledge.test_product_lib
rary_adapters.ProductLibraryAdapterTests.test_concurrent_filesystem_updates_allow_one_writer_and_reject_stale_version) 
... ok
test_filesystem_adapter_writes_atomically_and_restores_verified_snapshot (skills.product_knowledge.test_product_library
_adapters.ProductLibraryAdapterTests.test_filesystem_adapter_writes_atomically_and_restores_verified_snapshot) ... ok
test_idempotent_replay_returns_original_result_and_mismatch_fails_closed (skills.product_knowledge.test_product_library
_adapters.ProductLibraryAdapterTests.test_idempotent_replay_returns_original_result_and_mismatch_fails_closed) ... ok
test_in_memory_match_performance_budget (skills.product_knowledge.test_product_library_adapters.ProductLibraryAdapterTe
sts.test_in_memory_match_performance_budget) ... ok
test_writer_lock_timeout_fails_closed_without_state_change (skills.product_knowledge.test_product_library_adapters.Prod
uctLibraryAdapterTests.test_writer_lock_timeout_fails_closed_without_state_change) ... ok
test_thresholds_are_immutable_and_validate_ranges 
(skills.qa_review.test_qa_review_evaluation.QAReviewEvaluationTests.test_thresholds_are_immutable_and_validate_ranges) 
... ok
test_versioned_dataset_measures_false_positive_and_false_negative_rates (skills.qa_review.test_qa_review_evaluation.QAR
eviewEvaluationTests.test_versioned_dataset_measures_false_positive_and_false_negative_rates) ... ok
test_cli_writes_only_versioned_qa_outputs_and_returns_outcome_exit_code (skills.qa_review.test_qa_review_interface.QARe
viewInterfaceTests.test_cli_writes_only_versioned_qa_outputs_and_returns_outcome_exit_code) ... ok
test_contract_and_product_identity_failures_reject_with_feedback (skills.qa_review.test_qa_review_interface.QAReviewInt
erfaceTests.test_contract_and_product_identity_failures_reject_with_feedback) ... ok
test_review_asset_passes_and_emits_only_owned_contracts (skills.qa_review.test_qa_review_interface.QAReviewInterfaceTes
ts.test_review_asset_passes_and_emits_only_owned_contracts) ... ok
test_stale_subject_and_missing_quality_metric_need_human_review (skills.qa_review.test_qa_review_interface.QAReviewInte
rfaceTests.test_stale_subject_and_missing_quality_metric_need_human_review) ... ok
test_unsupported_request_major_version_is_a_stable_error (skills.qa_review.test_qa_review_interface.QAReviewInterfaceTe
sts.test_unsupported_request_major_version_is_a_stable_error) ... ok
test_output_writer_rejects_product_library_target_before_creation (skills.qa_review.test_qa_review_permissions.QAReview
PermissionTests.test_output_writer_rejects_product_library_target_before_creation) ... ok
test_public_qa_error_redacts_sensitive_detail_keys (skills.qa_review.test_qa_review_permissions.QAReviewPermissionTests
.test_public_qa_error_redacts_sensitive_detail_keys) ... ok
test_public_result_has_only_qa_owned_outputs 
(skills.qa_review.test_qa_review_permissions.QAReviewPermissionTests.test_public_result_has_only_qa_owned_outputs) ... 
ok
test_reference_analysis_semantic_comparison_criterion_is_forbidden (skills.qa_review.test_qa_review_permissions.QARevie
wPermissionTests.test_reference_analysis_semantic_comparison_criterion_is_forbidden) ... ok
test_review_feedback_cannot_write_product_context (skills.qa_review.test_qa_review_permissions.QAReviewPermissionTests.
test_review_feedback_cannot_write_product_context) ... ok
test_shared_contract_guard_rejects_qa_approval_publication (skills.qa_review.test_qa_review_permissions.QAReviewPermiss
ionTests.test_shared_contract_guard_rejects_qa_approval_publication) ... ok
test_atomic_publish_never_clobbers_a_racing_writer (skills.reference_analysis.test_reference_analysis_failures.Referenc
eAnalysisFailureTests.test_atomic_publish_never_clobbers_a_racing_writer) ... ok
test_path_escape_collision_and_cancellation_fail_without_temp_files (skills.reference_analysis.test_reference_analysis_
failures.ReferenceAnalysisFailureTests.test_path_escape_collision_and_cancellation_fail_without_temp_files) ... ok
test_pre_cancelled_request_wins_before_segment_analysis (skills.reference_analysis.test_reference_analysis_failures.Ref
erenceAnalysisFailureTests.test_pre_cancelled_request_wins_before_segment_analysis) ... ok
test_rejects_discovery_download_provider_and_bad_segments (skills.reference_analysis.test_reference_analysis_failures.R
eferenceAnalysisFailureTests.test_rejects_discovery_download_provider_and_bad_segments) ... ok
test_symlink_output_is_rejected_when_supported (skills.reference_analysis.test_reference_analysis_failures.ReferenceAna
lysisFailureTests.test_symlink_output_is_rejected_when_supported) ... skipped 'symlink creation is unavailable'
test_version_and_reference_mismatch_are_stable_and_redacted (skills.reference_analysis.test_reference_analysis_failures
.ReferenceAnalysisFailureTests.test_version_and_reference_mismatch_are_stable_and_redacted) ... ok
test_analyze_accepts_selected_synthetic_reference_manifest_shape (skills.reference_analysis.test_reference_analysis_int
erface.ReferenceAnalysisInterfaceTests.test_analyze_accepts_selected_synthetic_reference_manifest_shape) ... ok
test_analyze_reference_is_deterministic_versioned_and_atomic (skills.reference_analysis.test_reference_analysis_interfa
ce.ReferenceAnalysisInterfaceTests.test_analyze_reference_is_deterministic_versioned_and_atomic) ... ok
test_benign_provenance_words_and_researcher_key_are_allowed (skills.reference_analysis.test_reference_analysis_interfac
e.ReferenceAnalysisInterfaceTests.test_benign_provenance_words_and_researcher_key_are_allowed) ... ok
test_cli_analyze_returns_machine_readable_result (skills.reference_analysis.test_reference_analysis_interface.Reference
AnalysisInterfaceTests.test_cli_analyze_returns_machine_readable_result) ... ok
test_compare_result_is_deterministic_and_reports_ordered_gaps (skills.reference_analysis.test_reference_analysis_interf
ace.ReferenceAnalysisInterfaceTests.test_compare_result_is_deterministic_and_reports_ordered_gaps) ... ok
test_reference_analysis_has_no_private_viral_import (skills.reference_analysis.test_reference_analysis_interface.Refere
nceAnalysisInterfaceTests.test_reference_analysis_has_no_private_viral_import) ... ok
test_declared_continuity_transition_is_auditable (skills.storyboard.test_storyboard_continuity.StoryboardContinuityTest
s.test_declared_continuity_transition_is_auditable) ... ok
test_emotional_progression_must_not_regress 
(skills.storyboard.test_storyboard_continuity.StoryboardContinuityTests.test_emotional_progression_must_not_regress) 
... ok
test_undeclared_continuity_change_is_rejected 
(skills.storyboard.test_storyboard_continuity.StoryboardContinuityTests.test_undeclared_continuity_change_is_rejected) 
... ok
test_valid_story_scene_beat_shot_panel_hierarchy_and_continuity (skills.storyboard.test_storyboard_continuity.Storyboar
dContinuityTests.test_valid_story_scene_beat_shot_panel_hierarchy_and_continuity) ... ok
test_cancellation_is_terminal_and_produces_no_business_artifact (skills.storyboard.test_storyboard_failures.StoryboardF
ailureTests.test_cancellation_is_terminal_and_produces_no_business_artifact) ... ok
test_cli_has_stable_error_and_exit_code 
(skills.storyboard.test_storyboard_failures.StoryboardFailureTests.test_cli_has_stable_error_and_exit_code) ... ok
test_cli_main_maps_argument_errors_to_stable_machine_error (skills.storyboard.test_storyboard_failures.StoryboardFailur
eTests.test_cli_main_maps_argument_errors_to_stable_machine_error) ... ok
test_cli_main_maps_malformed_json_to_stable_machine_error (skills.storyboard.test_storyboard_failures.StoryboardFailure
Tests.test_cli_main_maps_malformed_json_to_stable_machine_error) ... ok
test_cli_main_uses_a_bounded_read 
(skills.storyboard.test_storyboard_failures.StoryboardFailureTests.test_cli_main_uses_a_bounded_read) ... ok
test_cli_maps_state_path_escape_and_corruption_to_machine_errors (skills.storyboard.test_storyboard_failures.Storyboard
FailureTests.test_cli_maps_state_path_escape_and_corruption_to_machine_errors) ... ok
test_cli_rejects_malformed_envelopes_scalars_and_prior_artifacts (skills.storyboard.test_storyboard_failures.Storyboard
FailureTests.test_cli_rejects_malformed_envelopes_scalars_and_prior_artifacts) ... ok
test_error_details_and_sensitive_continuity_keys_are_redacted (skills.storyboard.test_storyboard_failures.StoryboardFai
lureTests.test_error_details_and_sensitive_continuity_keys_are_redacted) ... ok
test_file_version_store_distinguishes_replay_from_idempotency_conflict (skills.storyboard.test_storyboard_failures.Stor
yboardFailureTests.test_file_version_store_distinguishes_replay_from_idempotency_conflict) ... ok
test_file_version_store_maps_atomic_commit_failure_and_cleans_lock (skills.storyboard.test_storyboard_failures.Storyboa
rdFailureTests.test_file_version_store_maps_atomic_commit_failure_and_cleans_lock) ... ok
test_file_version_store_rejects_oversized_state_before_replacing_valid_state (skills.storyboard.test_storyboard_failure
s.StoryboardFailureTests.test_file_version_store_rejects_oversized_state_before_replacing_valid_state) ... ok
test_hierarchy_objects_ids_scores_and_constraints_fail_closed (skills.storyboard.test_storyboard_failures.StoryboardFai
lureTests.test_hierarchy_objects_ids_scores_and_constraints_fail_closed) ... ok
test_malformed_context_and_ambiguous_product_fail_closed (skills.storyboard.test_storyboard_failures.StoryboardFailureT
ests.test_malformed_context_and_ambiguous_product_fail_closed) ... ok
test_missing_required_reference_and_partial_plan_are_rejected (skills.storyboard.test_storyboard_failures.StoryboardFai
lureTests.test_missing_required_reference_and_partial_plan_are_rejected) ... ok
test_non_object_hierarchy_and_invalid_transition_declarations_are_rejected (skills.storyboard.test_storyboard_failures.
StoryboardFailureTests.test_non_object_hierarchy_and_invalid_transition_declarations_are_rejected) ... ok
test_panel_count_and_input_size_budgets_fail_closed (skills.storyboard.test_storyboard_failures.StoryboardFailureTests.
test_panel_count_and_input_size_budgets_fail_closed) ... ok
test_pending_product_content_and_forbidden_generation_capability_are_rejected (skills.storyboard.test_storyboard_failur
es.StoryboardFailureTests.test_pending_product_content_and_forbidden_generation_capability_are_rejected) ... ok
test_public_boundary_rejects_command_identity_and_contract_mismatches (skills.storyboard.test_storyboard_failures.Story
boardFailureTests.test_public_boundary_rejects_command_identity_and_contract_mismatches) ... ok
test_runtime_has_no_private_planning_provider_or_network_import (skills.storyboard.test_storyboard_failures.StoryboardF
ailureTests.test_runtime_has_no_private_planning_provider_or_network_import) ... ok
test_stale_revision_and_idempotency_conflict_are_rejected (skills.storyboard.test_storyboard_failures.StoryboardFailure
Tests.test_stale_revision_and_idempotency_conflict_are_rejected) ... ok
test_version_stores_fail_closed_for_conflicts_corruption_and_lock_contention (skills.storyboard.test_storyboard_failure
s.StoryboardFailureTests.test_version_stores_fail_closed_for_conflicts_corruption_and_lock_contention) ... ok
test_cli_create_without_explicit_state_store_fails_closed (skills.storyboard.test_storyboard_interface.StoryboardInterf
aceTests.test_cli_create_without_explicit_state_store_fails_closed) ... ok
test_cli_persists_terminal_cancellation_for_cross_process_replay (skills.storyboard.test_storyboard_interface.Storyboar
dInterfaceTests.test_cli_persists_terminal_cancellation_for_cross_process_replay) ... ok
test_cli_rejects_a_tampered_persistent_replay_artifact (skills.storyboard.test_storyboard_interface.StoryboardInterface
Tests.test_cli_rejects_a_tampered_persistent_replay_artifact) ... ok
test_cli_returns_machine_readable_success_without_filesystem_or_provider_side_effects (skills.storyboard.test_storyboar
d_interface.StoryboardInterfaceTests.test_cli_returns_machine_readable_success_without_filesystem_or_provider_side_effe
cts) ... ok
test_cli_version_store_rejects_a_second_cross_call_revision_from_stale_v1 (skills.storyboard.test_storyboard_interface.
StoryboardInterfaceTests.test_cli_version_store_rejects_a_second_cross_call_revision_from_stale_v1) ... ok
test_create_emits_traceable_artifact_and_foundation_outputs (skills.storyboard.test_storyboard_interface.StoryboardInte
rfaceTests.test_create_emits_traceable_artifact_and_foundation_outputs) ... ok
test_exact_replay_is_idempotent_and_a_fresh_service_is_deterministic (skills.storyboard.test_storyboard_interface.Story
boardInterfaceTests.test_exact_replay_is_idempotent_and_a_fresh_service_is_deterministic) ... ok
test_public_interface_exports_independent_storyboard_service (skills.storyboard.test_storyboard_interface.StoryboardInt
erfaceTests.test_public_interface_exports_independent_storyboard_service) ... ok
test_request_takes_an_immutable_snapshot_of_nested_plan_input (skills.storyboard.test_storyboard_interface.StoryboardIn
terfaceTests.test_request_takes_an_immutable_snapshot_of_nested_plan_input) ... ok
test_revision_increments_version_and_preserves_lineage (skills.storyboard.test_storyboard_interface.StoryboardInterface
Tests.test_revision_increments_version_and_preserves_lineage) ... ok
test_unchanged_revision_gets_a_new_identity_and_parallel_stale_revision_is_rejected (skills.storyboard.test_storyboard_
interface.StoryboardInterfaceTests.test_unchanged_revision_gets_a_new_identity_and_parallel_stale_revision_is_rejected)
 ... ok
test_ambiguous_mapping_fails_closed (skills.storyboard_master_video_planning.test_video_planning_failures.VideoPlanning
FailureTests.test_ambiguous_mapping_fails_closed) ... ok
test_blank_role_and_non_hex_asset_digest_are_rejected (skills.storyboard_master_video_planning.test_video_planning_fail
ures.VideoPlanningFailureTests.test_blank_role_and_non_hex_asset_digest_are_rejected) ... ok
test_cli_returns_stable_error (skills.storyboard_master_video_planning.test_video_planning_failures.VideoPlanningFailur
eTests.test_cli_returns_stable_error) ... ok
test_continuity_conflict_fails_closed (skills.storyboard_master_video_planning.test_video_planning_failures.VideoPlanni
ngFailureTests.test_continuity_conflict_fails_closed) ... ok
test_duplicate_shot_sequence_fails_closed (skills.storyboard_master_video_planning.test_video_planning_failures.VideoPl
anningFailureTests.test_duplicate_shot_sequence_fails_closed) ... ok
test_missing_asset_fails_closed (skills.storyboard_master_video_planning.test_video_planning_failures.VideoPlanningFail
ureTests.test_missing_asset_fails_closed) ... ok
test_module_cli_argument_error_is_machine_readable (skills.storyboard_master_video_planning.test_video_planning_failure
s.VideoPlanningFailureTests.test_module_cli_argument_error_is_machine_readable) ... ok
test_nested_provider_marker_is_rejected_even_with_recomputed_digests (skills.storyboard_master_video_planning.test_vide
o_planning_failures.VideoPlanningFailureTests.test_nested_provider_marker_is_rejected_even_with_recomputed_digests) 
... ok
test_partial_mapping_fails_closed (skills.storyboard_master_video_planning.test_video_planning_failures.VideoPlanningFa
ilureTests.test_partial_mapping_fails_closed) ... ok
test_provider_submission_marker_is_rejected (skills.storyboard_master_video_planning.test_video_planning_failures.Video
PlanningFailureTests.test_provider_submission_marker_is_rejected) ... ok
test_recomputed_digest_cannot_hide_internal_package_contradictions (skills.storyboard_master_video_planning.test_video_
planning_failures.VideoPlanningFailureTests.test_recomputed_digest_cannot_hide_internal_package_contradictions) ... ok
test_recomputed_hashes_cannot_hide_malformed_mapping (skills.storyboard_master_video_planning.test_video_planning_failu
res.VideoPlanningFailureTests.test_recomputed_hashes_cannot_hide_malformed_mapping) ... ok
test_recomputed_hashes_cannot_hide_nested_identity_or_source_replacement (skills.storyboard_master_video_planning.test_
video_planning_failures.VideoPlanningFailureTests.test_recomputed_hashes_cannot_hide_nested_identity_or_source_replacem
ent) ... ok
test_shot_without_required_assets_is_rejected_before_build (skills.storyboard_master_video_planning.test_video_planning
_failures.VideoPlanningFailureTests.test_shot_without_required_assets_is_rejected_before_build) ... ok
test_stale_storyboard_or_manifest_fails_closed (skills.storyboard_master_video_planning.test_video_planning_failures.Vi
deoPlanningFailureTests.test_stale_storyboard_or_manifest_fails_closed) ... ok
test_tampered_package_is_rejected (skills.storyboard_master_video_planning.test_video_planning_failures.VideoPlanningFa
ilureTests.test_tampered_package_is_rejected) ... ok
test_unapproved_asset_fails_closed (skills.storyboard_master_video_planning.test_video_planning_failures.VideoPlanningF
ailureTests.test_unapproved_asset_fails_closed) ... ok
test_build_video_plan_is_deterministic_versioned_and_provider_free (skills.storyboard_master_video_planning.test_video_
planning_interface.VideoPlanningInterfaceTests.test_build_video_plan_is_deterministic_versioned_and_provider_free) ... 
ok
test_cli_returns_machine_readable_success (skills.storyboard_master_video_planning.test_video_planning_interface.VideoP
lanningInterfaceTests.test_cli_returns_machine_readable_success) ... ok
test_compose_master_snapshots_input_and_freezes_continuity_anchor (skills.storyboard_master_video_planning.test_video_p
lanning_interface.VideoPlanningInterfaceTests.test_compose_master_snapshots_input_and_freezes_continuity_anchor) ... ok
test_validate_video_plan_accepts_untampered_package (skills.storyboard_master_video_planning.test_video_planning_interf
ace.VideoPlanningInterfaceTests.test_validate_video_plan_accepts_untampered_package) ... ok
test_actual_cost_over_budget_fails_closed_before_download 
(skills.video_generation.test_kie_adapter.KieAdapterTests.test_actual_cost_over_budget_fails_closed_before_download) 
... ok
test_credential_resolver_reads_only_named_environment_entry 
(skills.video_generation.test_kie_adapter.KieAdapterTests.test_credential_resolver_reads_only_named_environment_entry) 
... ok
test_default_http_transport_disables_api_redirects 
(skills.video_generation.test_kie_adapter.KieAdapterTests.test_default_http_transport_disables_api_redirects) ... ok
test_poll_records_cost_and_download_returns_opaque_manifest_uri (skills.video_generation.test_kie_adapter.KieAdapterTes
ts.test_poll_records_cost_and_download_returns_opaque_manifest_uri) ... ok
test_polling_anomaly_is_terminal_after_one_get_attempt 
(skills.video_generation.test_kie_adapter.KieAdapterTests.test_polling_anomaly_is_terminal_after_one_get_attempt) ... 
ok
test_production_guardrails_reject_before_http 
(skills.video_generation.test_kie_adapter.KieAdapterTests.test_production_guardrails_reject_before_http) ... ok
test_provider_failure_and_sensitive_messages_are_suppressed 
(skills.video_generation.test_kie_adapter.KieAdapterTests.test_provider_failure_and_sensitive_messages_are_suppressed) 
... ok
test_reference_uploader_rejects_tampering_and_oversize_before_http (skills.video_generation.test_kie_adapter.KieAdapter
Tests.test_reference_uploader_rejects_tampering_and_oversize_before_http) ... ok
test_reference_uploader_verifies_local_digest_and_returns_safe_https_url (skills.video_generation.test_kie_adapter.KieA
dapterTests.test_reference_uploader_verifies_local_digest_and_returns_safe_https_url) ... ok
test_smoke_request_is_fixed_to_revision_a_envelope 
(skills.video_generation.test_kie_adapter.KieAdapterTests.test_smoke_request_is_fixed_to_revision_a_envelope) ... ok
test_submit_builds_single_low_cost_multireference_task 
(skills.video_generation.test_kie_adapter.KieAdapterTests.test_submit_builds_single_low_cost_multireference_task) ... 
ok
test_uncertain_submit_failure_is_not_retried 
(skills.video_generation.test_kie_adapter.KieAdapterTests.test_uncertain_submit_failure_is_not_retried) ... ok
test_concurrency_and_request_limits_fail_closed (skills.video_generation.test_video_generation_adapters.VideoGeneration
AdapterTests.test_concurrency_and_request_limits_fail_closed) ... ok
test_concurrency_reservation_is_atomic_across_threads (skills.video_generation.test_video_generation_adapters.VideoGene
rationAdapterTests.test_concurrency_reservation_is_atomic_across_threads) ... ok
test_concurrent_exact_replay_waits_for_submission_result (skills.video_generation.test_video_generation_adapters.VideoG
enerationAdapterTests.test_concurrent_exact_replay_waits_for_submission_result) ... ok
test_download_digest_mismatch_fails_closed (skills.video_generation.test_video_generation_adapters.VideoGenerationAdapt
erTests.test_download_digest_mismatch_fails_closed) ... ok
test_exact_idempotent_replay_and_mismatch (skills.video_generation.test_video_generation_adapters.VideoGenerationAdapte
rTests.test_exact_idempotent_replay_and_mismatch) ... ok
test_execution_cli_uses_explicit_injected_offline_context (skills.video_generation.test_video_generation_adapters.Video
GenerationAdapterTests.test_execution_cli_uses_explicit_injected_offline_context) ... ok
test_failed_submission_is_idempotently_replayed_as_the_same_error (skills.video_generation.test_video_generation_adapte
rs.VideoGenerationAdapterTests.test_failed_submission_is_idempotently_replayed_as_the_same_error) ... ok
test_fake_provider_job_identity_includes_idempotency_key (skills.video_generation.test_video_generation_adapters.VideoG
enerationAdapterTests.test_fake_provider_job_identity_includes_idempotency_key) ... ok
test_ledger_reads_are_snapshots 
(skills.video_generation.test_video_generation_adapters.VideoGenerationAdapterTests.test_ledger_reads_are_snapshots) 
... ok
test_ledger_rejects_illegal_transition_and_lists_recoverable_jobs (skills.video_generation.test_video_generation_adapte
rs.VideoGenerationAdapterTests.test_ledger_rejects_illegal_transition_and_lists_recoverable_jobs) ... ok
test_malformed_adapter_results_fail_closed (skills.video_generation.test_video_generation_adapters.VideoGenerationAdapt
erTests.test_malformed_adapter_results_fail_closed) ... ok
test_malformed_or_sensitive_submit_identity_fails_closed (skills.video_generation.test_video_generation_adapters.VideoG
enerationAdapterTests.test_malformed_or_sensitive_submit_identity_fails_closed) ... ok
test_network_blocked_code_is_stable_after_submission (skills.video_generation.test_video_generation_adapters.VideoGener
ationAdapterTests.test_network_blocked_code_is_stable_after_submission) ... ok
test_poll_retries_and_uncertain_exhaustion_retains_active_capacity (skills.video_generation.test_video_generation_adapt
ers.VideoGenerationAdapterTests.test_poll_retries_and_uncertain_exhaustion_retains_active_capacity) ... ok
test_recovery_uses_shared_ledger_without_resubmission (skills.video_generation.test_video_generation_adapters.VideoGene
rationAdapterTests.test_recovery_uses_shared_ledger_without_resubmission) ... ok
test_rejecting_and_network_blocked_adapters_never_touch_network (skills.video_generation.test_video_generation_adapters
.VideoGenerationAdapterTests.test_rejecting_and_network_blocked_adapters_never_touch_network) ... ok
test_retry_then_success_and_retry_exhaustion (skills.video_generation.test_video_generation_adapters.VideoGenerationAda
pterTests.test_retry_then_success_and_retry_exhaustion) ... ok
test_same_idempotency_key_is_atomic_across_threads (skills.video_generation.test_video_generation_adapters.VideoGenerat
ionAdapterTests.test_same_idempotency_key_is_atomic_across_threads) ... ok
test_sensitive_adapter_uri_is_rejected_without_echo (skills.video_generation.test_video_generation_adapters.VideoGenera
tionAdapterTests.test_sensitive_adapter_uri_is_rejected_without_echo) ... ok
test_submit_poll_download_happy_path_and_asset_manifest_request (skills.video_generation.test_video_generation_adapters
.VideoGenerationAdapterTests.test_submit_poll_download_happy_path_and_asset_manifest_request) ... ok
test_timeout_and_cancel_are_terminal (skills.video_generation.test_video_generation_adapters.VideoGenerationAdapterTest
s.test_timeout_and_cancel_are_terminal) ... ok
test_unexpected_adapter_exception_is_suppressed_and_redacted (skills.video_generation.test_video_generation_adapters.Vi
deoGenerationAdapterTests.test_unexpected_adapter_exception_is_suppressed_and_redacted) ... ok
test_cli_returns_stable_machine_readable_result (skills.video_generation.test_video_generation_interface.VideoGeneratio
nInterfaceTests.test_cli_returns_stable_machine_readable_result) ... ok
test_constructor_reserves_injected_adapter_and_ledger_seams (skills.video_generation.test_video_generation_interface.Vi
deoGenerationInterfaceTests.test_constructor_reserves_injected_adapter_and_ledger_seams) ... ok
test_inspect_preflight_is_deterministic_safe_and_provider_free (skills.video_generation.test_video_generation_interface
.VideoGenerationInterfaceTests.test_inspect_preflight_is_deterministic_safe_and_provider_free) ... ok
test_inspect_snapshots_caller_input (skills.video_generation.test_video_generation_interface.VideoGenerationInterfaceTe
sts.test_inspect_snapshots_caller_input) ... ok
test_approval_must_be_effective_and_match_package (skills.video_generation.test_video_generation_safety.VideoGeneration
SafetyTests.test_approval_must_be_effective_and_match_package) ... ok
test_budget_and_limits_fail_closed 
(skills.video_generation.test_video_generation_safety.VideoGenerationSafetyTests.test_budget_and_limits_fail_closed) 
... ok
test_cli_argument_and_validation_errors_are_machine_readable (skills.video_generation.test_video_generation_safety.Vide
oGenerationSafetyTests.test_cli_argument_and_validation_errors_are_machine_readable) ... ok
test_error_redacts_sensitive_nested_fields_and_values (skills.video_generation.test_video_generation_safety.VideoGenera
tionSafetyTests.test_error_redacts_sensitive_nested_fields_and_values) ... ok
test_future_or_unauthorized_approval_boundary_is_rejected (skills.video_generation.test_video_generation_safety.VideoGe
nerationSafetyTests.test_future_or_unauthorized_approval_boundary_is_rejected) ... ok
test_generation_source_has_no_private_planning_import (skills.video_generation.test_video_generation_safety.VideoGenera
tionSafetyTests.test_generation_source_has_no_private_planning_import) ... ok
test_missing_idempotency_key_is_rejected (skills.video_generation.test_video_generation_safety.VideoGenerationSafetyTes
ts.test_missing_idempotency_key_is_rejected) ... ok
test_outer_rehash_cannot_hide_nested_master_tampering (skills.video_generation.test_video_generation_safety.VideoGenera
tionSafetyTests.test_outer_rehash_cannot_hide_nested_master_tampering) ... ok
test_package_version_digest_and_provider_marker_fail_closed (skills.video_generation.test_video_generation_safety.Video
GenerationSafetyTests.test_package_version_digest_and_provider_marker_fail_closed) ... ok
test_provider_binding_and_credential_reference_fail_closed_without_echo (skills.video_generation.test_video_generation_
safety.VideoGenerationSafetyTests.test_provider_binding_and_credential_reference_fail_closed_without_echo) ... ok
test_recomputed_hashes_cannot_hide_malformed_source_or_task (skills.video_generation.test_video_generation_safety.Video
GenerationSafetyTests.test_recomputed_hashes_cannot_hide_malformed_source_or_task) ... ok
test_redaction_covers_message_and_field_paths (skills.video_generation.test_video_generation_safety.VideoGenerationSafe
tyTests.test_redaction_covers_message_and_field_paths) ... ok
test_sensitive_output_configuration_is_rejected_without_echo (skills.video_generation.test_video_generation_safety.Vide
oGenerationSafetyTests.test_sensitive_output_configuration_is_rejected_without_echo) ... ok
test_collection_validates_every_candidate_before_side_effects_and_quarantines_unsafe (skills.viral_research_asset_colle
ction.test_provider_download_guards.ProviderDownloadGuardTests.test_collection_validates_every_candidate_before_side_ef
fects_and_quarantines_unsafe) ... ok
test_fake_collection_is_deterministic_and_capped (skills.viral_research_asset_collection.test_provider_download_guards.
ProviderDownloadGuardTests.test_fake_collection_is_deterministic_and_capped) ... ok
test_metadata_only_never_downloads_and_free_first_requires_rights (skills.viral_research_asset_collection.test_provider
_download_guards.ProviderDownloadGuardTests.test_metadata_only_never_downloads_and_free_first_requires_rights) ... ok
test_public_interfaces_reject_unapproved_adapter_injection_before_calls (skills.viral_research_asset_collection.test_pr
ovider_download_guards.ProviderDownloadGuardTests.test_public_interfaces_reject_unapproved_adapter_injection_before_cal
ls) ... ok
test_rejecting_adapters_fail_closed (skills.viral_research_asset_collection.test_provider_download_guards.ProviderDownl
oadGuardTests.test_rejecting_adapters_fail_closed) ... ok
test_request_idempotency_precedes_provider_and_download_side_effects (skills.viral_research_asset_collection.test_provi
der_download_guards.ProviderDownloadGuardTests.test_request_idempotency_precedes_provider_and_download_side_effects) 
... ok
test_cross_directory_race_cannot_publish_metadata_and_quarantine (skills.viral_research_asset_collection.test_research_
library_adapters.ResearchLibraryAdapterTests.test_cross_directory_race_cannot_publish_metadata_and_quarantine) ... ok
test_filesystem_adapter_writes_atomic_metadata_and_blocks_escape (skills.viral_research_asset_collection.test_research_
library_adapters.ResearchLibraryAdapterTests.test_filesystem_adapter_writes_atomic_metadata_and_blocks_escape) ... ok
test_filesystem_atomic_create_never_clobbers_a_racing_writer (skills.viral_research_asset_collection.test_research_libr
ary_adapters.ResearchLibraryAdapterTests.test_filesystem_atomic_create_never_clobbers_a_racing_writer) ... ok
test_filesystem_idempotency_and_audit_survive_restart (skills.viral_research_asset_collection.test_research_library_ada
pters.ResearchLibraryAdapterTests.test_filesystem_idempotency_and_audit_survive_restart) ... ok
test_filesystem_rejects_symlink_ancestor_and_dangling_audit_target_when_supported (skills.viral_research_asset_collecti
on.test_research_library_adapters.ResearchLibraryAdapterTests.test_filesystem_rejects_symlink_ancestor_and_dangling_aud
it_target_when_supported) ... skipped 'symlink creation is unavailable'
test_filesystem_rejects_symlink_root_when_supported (skills.viral_research_asset_collection.test_research_library_adapt
ers.ResearchLibraryAdapterTests.test_filesystem_rejects_symlink_root_when_supported) ... skipped 'symlink creation is 
unavailable'
test_memory_adapter_is_idempotent_and_audits_deletion (skills.viral_research_asset_collection.test_research_library_ada
pters.ResearchLibraryAdapterTests.test_memory_adapter_is_idempotent_and_audits_deletion) ... ok
test_quarantine_is_separate_and_retention_is_not_extended (skills.viral_research_asset_collection.test_research_library
_adapters.ResearchLibraryAdapterTests.test_quarantine_is_separate_and_retention_is_not_extended) ... ok
test_request_claim_and_completed_replay_survive_restart (skills.viral_research_asset_collection.test_research_library_a
dapters.ResearchLibraryAdapterTests.test_request_claim_and_completed_replay_survive_restart) ... ok
test_same_source_id_cannot_move_or_change_content (skills.viral_research_asset_collection.test_research_library_adapter
s.ResearchLibraryAdapterTests.test_same_source_id_cannot_move_or_change_content) ... ok
test_cli_inspect_returns_machine_readable_result (skills.viral_research_asset_collection.test_viral_research_interface.
ViralResearchInterfaceTests.test_cli_inspect_returns_machine_readable_result) ... ok
test_inspection_fails_closed_on_expired_window_and_unsafe_policy (skills.viral_research_asset_collection.test_viral_res
earch_interface.ViralResearchInterfaceTests.test_inspection_fails_closed_on_expired_window_and_unsafe_policy) ... ok
test_inspection_is_deterministic_and_enforces_budgets (skills.viral_research_asset_collection.test_viral_research_inter
face.ViralResearchInterfaceTests.test_inspection_is_deterministic_and_enforces_budgets) ... ok
test_research_dedupes_independent_source_and_content_identities (skills.viral_research_asset_collection.test_viral_rese
arch_interface.ViralResearchInterfaceTests.test_research_dedupes_independent_source_and_content_identities) ... ok
test_research_normalizes_dedupes_scores_and_classifies (skills.viral_research_asset_collection.test_viral_research_inte
rface.ViralResearchInterfaceTests.test_research_normalizes_dedupes_scores_and_classifies) ... ok
test_retry_is_capped_cancellation_is_stable_and_errors_redact (skills.viral_research_asset_collection.test_viral_resear
ch_interface.ViralResearchInterfaceTests.test_retry_is_capped_cancellation_is_stable_and_errors_redact) ... ok

----------------------------------------------------------------------
Ran 314 tests in 2.994s

OK (skipped=3)
{"interface_version": "1.0.0", "outcome": "pass", "output_dir": "C:\\Users\\boss0\\AppData\\Local\\Temp\\tmpj3g7j48l\\qa-output"}
